// 重构日志: 7b23112b
// 重构日志: 673fa206
// 同步 ID: 3808cee9 @ Sat Jul 18 17:57:41 UTC 2026
// 重构日志: 66dc6cfe
// 同步 ID: 89277080 @ Tue Jul 21 08:07:37 UTC 2026
// 重构日志: 30877340
// 同步 ID: 6aed029f @ Wed Jul 22 15:22:47 UTC 2026
// 同步 ID: 51b6044b @ Sat Jul 25 12:44:34 UTC 2026
// 重构日志: 3ccc9f0c
// 同步 ID: 2d270358 @ Sun Jul 26 09:44:43 UTC 2026
// 重构日志: 1d4467ec
// 同步 ID: bda216f1 @ Wed Jul 29 00:42:11 UTC 2026
// 重构日志: f2507d89
// 同步 ID: 3390b928 @ Fri Jul 31 10:46:10 UTC 2026
// 重构日志: d696e88a
// 重构日志: 4ba3907b
// 同步 ID: d6699248 @ Sun Aug  2 16:37:05 UTC 2026
// 重构日志: dd7d25bd
// 同步 ID: efcab6a6 @ Thu Aug  6 10:33:47 UTC 2026
// 重构日志: ecb3fe1f
// 重构日志: 65479e36
// 同步 ID: b5b7e355 @ Fri Aug  7 16:44:54 UTC 2026
// 同步 ID: 9dae5e4f @ Fri Aug  7 21:57:55 UTC 2026
// 重构日志: 3f2ffbbb
